[INFO] Scanning for projects...
[INFO] 
[INFO] -------------------< com.CardMaster:CardMasterDemo >--------------------
[INFO] Building CardMasterDemo 0.0.1-SNAPSHOT
[INFO]   from pom.xml
[INFO] --------------------------------[ jar ]---------------------------------
[INFO] 
[INFO] --- resources:3.3.1:resources (default-resources) @ CardMasterDemo ---
[INFO] Copying 1 resource from src\main\resources to target\classes
[INFO] Copying 0 resource from src\main\resources to target\classes
[INFO] 
[INFO] --- compiler:3.11.0:compile (default-compile) @ CardMasterDemo ---
[INFO] Changes detected - recompiling the module! :source
[INFO] Compiling 153 source files with javac [debug release 17] to target\classes
[INFO] -------------------------------------------------------------
[ERROR] COMPILATION ERROR : 
[INFO] -------------------------------------------------------------
[ERROR] /C:/Users/manik/Downloads/CMProjectDemo-main/CMProjectDemo-main/src/main/java/com/CardMaster/config/DataInitializer.java:[164,6] reached end of file while parsing
[INFO] 1 error
[INFO] -------------------------------------------------------------
[INFO] ------------------------------------------------------------------------
[INFO] BUILD FAILURE
[INFO] ------------------------------------------------------------------------
[INFO] Total time:  3.741 s
[INFO] Finished at: 2026-03-24T22:20:46+05:30
[INFO] ------------------------------------------------------------------------
[ERROR] Failed to execute goal org.apache.maven.plugins:maven-compiler-plugin:3.11.0:compile (default-compile) on project CardMasterDemo: Compilation failure
[ERROR] /C:/Users/manik/Downloads/CMProjectDemo-main/CMProjectDemo-main/src/main/java/com/CardMaster/config/DataInitializer.java:[164,6] reached end of file while parsing
[ERROR] 
[ERROR] -> [Help 1]
[ERROR] 
[ERROR] To see the full stack trace of the errors, re-run Maven with the -e switch.
[ERROR] Re-run Maven using the -X switch to enable full debug logging.
[ERROR] 
[ERROR] For more information about the errors and possible solutions, please read the following articles:
[ERROR] [Help 1] http://cwiki.apache.org/confluence/display/MAVEN/MojoFailureException
